// Jest Snapshot v1, https://goo.gl/fbAQLP

exports[`in any state renders correctly 1`] = `
<a
  class="underline text-theme-interact inline-flex items-center hover:text-theme-interact-hover"
  href="/test"
>
  Click me
</a>
`;
