// Jest Snapshot v1, https://goo.gl/fbAQLP

exports[`renders correctly 1`] = `
<span
  class="rounded-2xl bg-theme-bg-alt text-xs px-2 py-1"
>
  Teysa
</span>
`;
